// Jest Snapshot v1, https://goo.gl/fbAQLP

exports[`Cart.vue renders the component 1`] = `
<div
  class="flex flex-col md:flex-row h-full"
>
  <div
    class="basis-full md:basis-2/3 md:overflow-auto"
  >
    <div>
      <h2
        class="font-extrabold text-lg text-start"
      >
        7 Products added to the Cart 
      </h2>
      
      <cart-item-stub
        class="my-8"
        item="[object Object]"
      />
      <cart-item-stub
        class="my-8"
        item="[object Object]"
      />
      
    </div>
  </div>
  <div
    class="basis-full md:basis-1/3 md:border-l border-l-none md:border-l-gray-300 md:pl-4 mt-4 md:mt-0"
  >
    <h2
      class="font-extrabold text-lg text-start"
    >
      Detailed Cost Analysis
    </h2>
    <cart-details-stub
      class="mt-8"
    />
  </div>
</div>
`;
