// Jest Snapshot v1, https://goo.gl/fbAQLP

exports[`PriceItem.vue renders the component 1`] = `
<div>
  2.00â‚¬
</div>
`;
